// Jest Snapshot v1, https://goo.gl/fbAQLP

exports[`Test Page Renders 1`] = `
<div
  className="container"
>
  <h1>
    Services
  </h1>
  <div
    className="sector-heading"
  >
    <form>
      <input
        onChange={[Function]}
        placeholder="Search"
        role="searchbox"
      />
    </form>
    <div
      className="dummy"
    />
  </div>
  <div
    className="services-gallery"
    role="main"
  >
    <a
      href="/services/1"
      onClick={[Function]}
      style={
        Object {
          "textDecoration": "none",
        }
      }
    >
      <button
        className="service-card"
        role="cell"
      >
        <div
          className="card-content"
        >
          <img
            alt="test"
            height="80"
            src="https://sept-bucket-2020.s3-ap-southeast-2.amazonaws.com/iPhone12.jpg"
            width="60"
          />
          <span>
            test
          </span>
          <hr />
          <p>
            this is a test
          </p>
        </div>
      </button>
    </a>
  </div>
</div>
`;
